// Jest Snapshot v1, https://goo.gl/fbAQLP

exports[`renders correctly or not 1`] = `
<form>
  <label>
    <input
      onChange={[Function]}
      type="file"
    />
    <span>
      +
    </span>
  </label>
  <div
    className="output"
  />
</form>
`;

exports[`renders correctly or not 2`] = `
<form>
  <label>
    <input
      onChange={[Function]}
      type="file"
    />
    <span>
      +
    </span>
  </label>
  <div
    className="output"
  />
</form>
`;

exports[`renders correctly or not foir 1`] = `
<form>
  <label>
    <input
      onChange={[Function]}
      type="file"
    />
    <span>
      +
    </span>
  </label>
  <div
    className="output"
  />
</form>
`;

exports[`renders correctly or not for modal 1`] = `
<form>
  <label>
    <input
      onChange={[Function]}
      type="file"
    />
    <span>
      +
    </span>
  </label>
  <div
    className="output"
  />
</form>
`;

exports[`renders correctly or not for upload 1`] = `
<form>
  <label>
    <input
      onChange={[Function]}
      type="file"
    />
    <span>
      +
    </span>
  </label>
  <div
    className="output"
  />
</form>
`;

exports[`renders correctly when there are no items 1`] = `
<form>
  <label>
    <input
      onChange={[Function]}
      type="file"
    />
    <span>
      +
    </span>
  </label>
  <div
    className="output"
  />
</form>
`;
